// Jest Snapshot v1, https://goo.gl/fbAQLP

exports[`renders an CclButtonBlockEditView hero block component 1`] = `
Array [
  <div
    className="ccl-block-editor-header"
  >
    <legend
      aria-hidden="true"
      onClick={[Function]}
    >
      default
       button 
    </legend>
  </div>,
  <a
    className="ccl-button ccl-button--default"
    disabled={false}
    download={false}
    href="/"
    onClick={[Function]}
  >
    Text example...
  </a>,
]
`;
