// Jest Snapshot v1, https://goo.gl/fbAQLP

exports[`Unauthorized renders a not found component 1`] = `
<div
  className="ui container view-wrapper"
>
  <h1>
    Unauthorized
  </h1>
  <h3>
    You are not authorized to access this resource
  </h3>
  <p
    className="description"
  >
    You are trying to access a protected resource, please 
    <a
      className={null}
      href="/en/login"
      onClick={[Function]}
      target={null}
      title={null}
    >
      Register/Login
    </a>
     first.
  </p>
  <p>
    If you are certain you have the correct web address but are encountering an error, please contact the 
    <a
      href="/contact-form"
      onClick={[Function]}
    >
      Site Administration
    </a>
    .
  </p>
  <p>
    Thank you.
  </p>
</div>
`;
